Starting CAP Project Generator...
Using @sap/cds-dk [9.9.1] from /extbin/globals/bun/global/install/node_modules/@sap/cds-dk
Using @sap/generator-cap-project [2.0.6] from [/extbin/globals/bun/global/install/node_modules/@sap/generator-cap-project]
Using root path [/home/user/projects]

Creating project with approuter, connectivity, hana, html5-repo, mta, nodejs, tiny-sample

Adding facet: nodejs
Adding facet: mta
Adding facet: tiny-sample
Adding facet: hana
Adding facet: approuter
Adding facet: connectivity
Adding facet: html5-repo

Successfully initialized CAP project
Continue with: code Training_CAPM 


Installing dependencies...

added 260 packages, and audited 261 packages in 4s

41 packages are looking for funding
  run `npm fund` for details

1 moderate severity vulnerability

To address all issues, run:
  npm audit fix

Run `npm audit` for details.

Finished installing dependencies

Done setting up project Training_CAPM
Project is ready to use

